// Jest Snapshot v1, https://goo.gl/fbAQLP

exports[`Card component matches snapshot 1`] = `
Object {
  "asFragment": [Function],
  "baseElement": <body>
    <div>
      <a
        href="/questions/123"
      >
        <div
          class="uk-card uk-card-default uk-card-hover"
        >
          <div
            class="uk-card-header"
          >
            <div
              class="uk-grid-small uk-flex-middle uk-grid"
            >
              <div
                class="uk-width-auto"
              >
                <img
                  alt="Avatar"
                  class="uk-border-circle"
                  height="40"
                  src="https://example.com/avatar.jpg"
                  width="40"
                />
              </div>
              <div
                class="uk-width-expand"
              >
                <h3
                  class="uk-card-title uk-margin-remove-bottom"
                >
                  sarahedo
                </h3>
                <p
                  class="uk-text-meta uk-margin-remove-top"
                >
                   
                  Fri Aug 27 2021
                </p>
              </div>
            </div>
          </div>
          <div
            class="uk-card-footer"
          >
            <button
              class="uk-button uk-button-text"
            >
              Show
            </button>
          </div>
        </div>
      </a>
    </div>
  </body>,
  "container": <div>
    <a
      href="/questions/123"
    >
      <div
        class="uk-card uk-card-default uk-card-hover"
      >
        <div
          class="uk-card-header"
        >
          <div
            class="uk-grid-small uk-flex-middle uk-grid"
          >
            <div
              class="uk-width-auto"
            >
              <img
                alt="Avatar"
                class="uk-border-circle"
                height="40"
                src="https://example.com/avatar.jpg"
                width="40"
              />
            </div>
            <div
              class="uk-width-expand"
            >
              <h3
                class="uk-card-title uk-margin-remove-bottom"
              >
                sarahedo
              </h3>
              <p
                class="uk-text-meta uk-margin-remove-top"
              >
                 
                Fri Aug 27 2021
              </p>
            </div>
          </div>
        </div>
        <div
          class="uk-card-footer"
        >
          <button
            class="uk-button uk-button-text"
          >
            Show
          </button>
        </div>
      </div>
    </a>
  </div>,
  "debug": [Function],
  "findAllByAltText": [Function],
  "findAllByDisplayValue": [Function],
  "findAllByLabelText": [Function],
  "findAllByPlaceholderText": [Function],
  "findAllByRole": [Function],
  "findAllByTestId": [Function],
  "findAllByText": [Function],
  "findAllByTitle": [Function],
  "findByAltText": [Function],
  "findByDisplayValue": [Function],
  "findByLabelText": [Function],
  "findByPlaceholderText": [Function],
  "findByRole": [Function],
  "findByTestId": [Function],
  "findByText": [Function],
  "findByTitle": [Function],
  "getAllByAltText": [Function],
  "getAllByDisplayValue": [Function],
  "getAllByLabelText": [Function],
  "getAllByPlaceholderText": [Function],
  "getAllByRole": [Function],
  "getAllByTestId": [Function],
  "getAllByText": [Function],
  "getAllByTitle": [Function],
  "getByAltText": [Function],
  "getByDisplayValue": [Function],
  "getByLabelText": [Function],
  "getByPlaceholderText": [Function],
  "getByRole": [Function],
  "getByTestId": [Function],
  "getByText": [Function],
  "getByTitle": [Function],
  "queryAllByAltText": [Function],
  "queryAllByDisplayValue": [Function],
  "queryAllByLabelText": [Function],
  "queryAllByPlaceholderText": [Function],
  "queryAllByRole": [Function],
  "queryAllByTestId": [Function],
  "queryAllByText": [Function],
  "queryAllByTitle": [Function],
  "queryByAltText": [Function],
  "queryByDisplayValue": [Function],
  "queryByLabelText": [Function],
  "queryByPlaceholderText": [Function],
  "queryByRole": [Function],
  "queryByTestId": [Function],
  "queryByText": [Function],
  "queryByTitle": [Function],
  "rerender": [Function],
  "unmount": [Function],
}
`;
