// Jest Snapshot v1, https://goo.gl/fbAQLP

exports[`Nav should render the component 1`] = `
Object {
  "asFragment": [Function],
  "baseElement": <body>
    <div>
      <nav
        class="uk-flex uk-flex-center uk-margin-medium-top"
      >
        <ul
          class="uk-subnav uk-subnav-divider"
        >
          <li>
            <a
              class="uk-text-bold uk-link-text"
              href="/"
            >
              Home
            </a>
          </li>
          <li>
            <a
              class="uk-text-bold uk-link-text"
              href="/leaderboards"
            >
              Leaderboard
            </a>
          </li>
          <li>
            <a
              class="uk-text-bold uk-link-text"
              href="/new"
            >
              New Poll
            </a>
          </li>
          <li>
            <span
              class="uk-text-bold"
              data-testid="information-data"
            >
              User: sarahedo
            </span>
          </li>
          <li>
            <button
              class="uk-button uk-button-default uk-margin-small-left"
            >
              Logout
            </button>
          </li>
        </ul>
      </nav>
    </div>
  </body>,
  "container": <div>
    <nav
      class="uk-flex uk-flex-center uk-margin-medium-top"
    >
      <ul
        class="uk-subnav uk-subnav-divider"
      >
        <li>
          <a
            class="uk-text-bold uk-link-text"
            href="/"
          >
            Home
          </a>
        </li>
        <li>
          <a
            class="uk-text-bold uk-link-text"
            href="/leaderboards"
          >
            Leaderboard
          </a>
        </li>
        <li>
          <a
            class="uk-text-bold uk-link-text"
            href="/new"
          >
            New Poll
          </a>
        </li>
        <li>
          <span
            class="uk-text-bold"
            data-testid="information-data"
          >
            User: sarahedo
          </span>
        </li>
        <li>
          <button
            class="uk-button uk-button-default uk-margin-small-left"
          >
            Logout
          </button>
        </li>
      </ul>
    </nav>
  </div>,
  "debug": [Function],
  "findAllByAltText": [Function],
  "findAllByDisplayValue": [Function],
  "findAllByLabelText": [Function],
  "findAllByPlaceholderText": [Function],
  "findAllByRole": [Function],
  "findAllByTestId": [Function],
  "findAllByText": [Function],
  "findAllByTitle": [Function],
  "findByAltText": [Function],
  "findByDisplayValue": [Function],
  "findByLabelText": [Function],
  "findByPlaceholderText": [Function],
  "findByRole": [Function],
  "findByTestId": [Function],
  "findByText": [Function],
  "findByTitle": [Function],
  "getAllByAltText": [Function],
  "getAllByDisplayValue": [Function],
  "getAllByLabelText": [Function],
  "getAllByPlaceholderText": [Function],
  "getAllByRole": [Function],
  "getAllByTestId": [Function],
  "getAllByText": [Function],
  "getAllByTitle": [Function],
  "getByAltText": [Function],
  "getByDisplayValue": [Function],
  "getByLabelText": [Function],
  "getByPlaceholderText": [Function],
  "getByRole": [Function],
  "getByTestId": [Function],
  "getByText": [Function],
  "getByTitle": [Function],
  "queryAllByAltText": [Function],
  "queryAllByDisplayValue": [Function],
  "queryAllByLabelText": [Function],
  "queryAllByPlaceholderText": [Function],
  "queryAllByRole": [Function],
  "queryAllByTestId": [Function],
  "queryAllByText": [Function],
  "queryAllByTitle": [Function],
  "queryByAltText": [Function],
  "queryByDisplayValue": [Function],
  "queryByLabelText": [Function],
  "queryByPlaceholderText": [Function],
  "queryByRole": [Function],
  "queryByTestId": [Function],
  "queryByText": [Function],
  "queryByTitle": [Function],
  "rerender": [Function],
  "unmount": [Function],
}
`;
