// Jest Snapshot v1, https://goo.gl/fbAQLP

exports[`NewPoll Should render component and display all elements 1`] = `
Object {
  "asFragment": [Function],
  "baseElement": <body>
    <div>
      <div>
        <h1
          class="uk-text-3x1 uk-text-bold uk-margin-medium-top"
        >
          New Poll
        </h1>
        <form
          class="uk-form-stacked"
        >
          <div
            class="uk-margin"
          >
            <label
              class="uk-form-label"
              for="firstOption"
            >
              First Option
            </label>
            <div
              class="uk-form-controls"
            >
              <input
                class="uk-input"
                data-testid="first-option"
                id="firstOption"
                name="firstOption"
                type="text"
                value=""
              />
            </div>
          </div>
          <div
            class="uk-margin"
          >
            <label
              class="uk-form-label"
              for="secondOption"
            >
              Second Option
            </label>
            <div
              class="uk-form-controls"
            >
              <input
                class="uk-input"
                data-testid="second-option"
                id="secondOption"
                name="secondOption"
                type="text"
                value=""
              />
            </div>
          </div>
          <div
            class="uk-margin uk-flex uk-flex-right"
          >
            <button
              class="uk-button uk-button-primary"
              data-testid="submit-poll"
              type="submit"
            >
              Submit
            </button>
          </div>
        </form>
      </div>
    </div>
  </body>,
  "container": <div>
    <div>
      <h1
        class="uk-text-3x1 uk-text-bold uk-margin-medium-top"
      >
        New Poll
      </h1>
      <form
        class="uk-form-stacked"
      >
        <div
          class="uk-margin"
        >
          <label
            class="uk-form-label"
            for="firstOption"
          >
            First Option
          </label>
          <div
            class="uk-form-controls"
          >
            <input
              class="uk-input"
              data-testid="first-option"
              id="firstOption"
              name="firstOption"
              type="text"
              value=""
            />
          </div>
        </div>
        <div
          class="uk-margin"
        >
          <label
            class="uk-form-label"
            for="secondOption"
          >
            Second Option
          </label>
          <div
            class="uk-form-controls"
          >
            <input
              class="uk-input"
              data-testid="second-option"
              id="secondOption"
              name="secondOption"
              type="text"
              value=""
            />
          </div>
        </div>
        <div
          class="uk-margin uk-flex uk-flex-right"
        >
          <button
            class="uk-button uk-button-primary"
            data-testid="submit-poll"
            type="submit"
          >
            Submit
          </button>
        </div>
      </form>
    </div>
  </div>,
  "debug": [Function],
  "findAllByAltText": [Function],
  "findAllByDisplayValue": [Function],
  "findAllByLabelText": [Function],
  "findAllByPlaceholderText": [Function],
  "findAllByRole": [Function],
  "findAllByTestId": [Function],
  "findAllByText": [Function],
  "findAllByTitle": [Function],
  "findByAltText": [Function],
  "findByDisplayValue": [Function],
  "findByLabelText": [Function],
  "findByPlaceholderText": [Function],
  "findByRole": [Function],
  "findByTestId": [Function],
  "findByText": [Function],
  "findByTitle": [Function],
  "getAllByAltText": [Function],
  "getAllByDisplayValue": [Function],
  "getAllByLabelText": [Function],
  "getAllByPlaceholderText": [Function],
  "getAllByRole": [Function],
  "getAllByTestId": [Function],
  "getAllByText": [Function],
  "getAllByTitle": [Function],
  "getByAltText": [Function],
  "getByDisplayValue": [Function],
  "getByLabelText": [Function],
  "getByPlaceholderText": [Function],
  "getByRole": [Function],
  "getByTestId": [Function],
  "getByText": [Function],
  "getByTitle": [Function],
  "queryAllByAltText": [Function],
  "queryAllByDisplayValue": [Function],
  "queryAllByLabelText": [Function],
  "queryAllByPlaceholderText": [Function],
  "queryAllByRole": [Function],
  "queryAllByTestId": [Function],
  "queryAllByText": [Function],
  "queryAllByTitle": [Function],
  "queryByAltText": [Function],
  "queryByDisplayValue": [Function],
  "queryByLabelText": [Function],
  "queryByPlaceholderText": [Function],
  "queryByRole": [Function],
  "queryByTestId": [Function],
  "queryByText": [Function],
  "queryByTitle": [Function],
  "rerender": [Function],
  "unmount": [Function],
}
`;
